client/src/pages/public/cart/OrderTrackingDrawer.tsx(510,3): error TS1128: Declaration or statement expected.
